// Jest Snapshot v1, https://goo.gl/fbAQLP

exports[`Renders snapshot for Weather AmountOfRain page 1`] = `
<div
  className="grid-cell"
/>
`;
